mysql> show databases;
+--------------------+
| Database           |
+--------------------+
| information_schema |
| mysql              |
| performance_schema |
| sys                |
| udacity            |
+--------------------+
5 rows in set (0.02 sec)

mysql> use udacity;
Reading table information for completion of table and column names
You can turn off this feature to get a quicker startup with -A

Database changed
mysql> INSERT INTO Products (name, color) values ('Iphone 6s', 'Red');
ERROR 1290 (HY000): The MySQL server is running with the --read-only option so it cannot execute this statement
mysql> show tables;
+-------------------+
| Tables_in_udacity |
+-------------------+
| Products          |
+-------------------+
1 row in set (0.00 sec)

mysql> Select * from Products;
+----+-----------+-------+
| id | name      | color |
+----+-----------+-------+
|  1 | Iphone 5s | Black |
+----+-----------+-------+
1 row in set (0.01 sec)

